
> mansi-portfolio@1.0.0 build
> next build

▲ Next.js 16.1.0 (Turbopack)

  Creating an optimized production build ...
Browserslist: browsers data (caniuse-lite) is 8 months old. Please run:
  npx update-browserslist-db@latest
  Why you should do it regularly: https://github.com/browserslist/update-db#readme
✓ Compiled successfully in 10.1s
  Running TypeScript ...
  Collecting page data using 31 workers ...
  Generating static pages using 31 workers (0/20) ...
  Generating static pages using 31 workers (5/20) 
  Generating static pages using 31 workers (10/20) 
  Generating static pages using 31 workers (15/20) 
✓ Generating static pages using 31 workers (20/20) in 5.0s
  Finalizing page optimization ...

Route (app)
┌ ○ /
├ ○ /_not-found
├ ƒ /api/linkedin/awards
├ ƒ /api/linkedin/recs
├ ƒ /api/medium/[username]
├ ƒ /api/upload-and-store
├ ○ /blog
├ ƒ /blog/[slug]
├ ○ /certification
├ ○ /contact
├ ○ /credentials
├ ○ /notebook
├ ○ /projects
├ ● /projects/[slug]
│ ├ /projects/project-amc-datalake-solution
│ ├ /projects/gpu-bench
│ ├ /projects/pc-accessories
│ └ /projects/amc
├ ○ /tools
├ ○ /tools/bill
├ ○ /tools/json
└ ○ /tools/qr


○  (Static)   prerendered as static content
●  (SSG)      prerendered as static HTML (uses generateStaticParams)
ƒ  (Dynamic)  server-rendered on demand

